Rc files read:
  NONE
Latexmk: This is Latexmk, John Collins, 15 June 2025. Version 4.87.
Latexmk: applying rule 'pdflatex'...
Rule 'pdflatex':  Reasons for rerun
Changed files or newly in use/created:
  main.tex
  tables/negative.tex
Category 'changed_user':
  main.tex
  tables/negative.tex

------------
Run number 1 of rule 'pdflatex'
------------
------------
Running 'pdflatex  -interaction=nonstopmode -halt-on-error -recorder -output-directory="/home/purrpower/work/projects/papers/papers-official/cbdc-privacy/andrew-cbdc/revision-2026-09-12/build"  "main.tex"'
------------
This is pdfTeX, Version 3.141592653-2.6-1.40.29 (TeX Live 2026/Arch Linux) (preloaded format=pdflatex)
 restricted \write18 enabled.
entering extended mode
(./main.tex
LaTeX2e <2025-11-01>
L3 programming layer <2026-01-19>
(/usr/share/texmf-dist/tex/latex/base/article.cls
Document Class: article 2025/01/22 v1.4n Standard LaTeX document class
(/usr/share/texmf-dist/tex/latex/base/size11.clo))
(/usr/share/texmf-dist/tex/latex/base/fontenc.sty)
(/usr/share/texmf-dist/tex/latex/base/inputenc.sty)
(/usr/share/texmf-dist/tex/latex/lm/lmodern.sty)
(/usr/share/texmf-dist/tex/latex/microtype/microtype.sty
(/usr/share/texmf-dist/tex/latex/graphics/keyval.sty)
(/usr/share/texmf-dist/tex/latex/etoolbox/etoolbox.sty)
(/usr/share/texmf-dist/tex/latex/microtype/microtype-pdftex.def)
(/usr/share/texmf-dist/tex/latex/microtype/microtype.cfg))
(/usr/share/texmf-dist/tex/latex/geometry/geometry.sty
(/usr/share/texmf-dist/tex/generic/iftex/ifvtex.sty
(/usr/share/texmf-dist/tex/generic/iftex/iftex.sty)))
(/usr/share/texmf-dist/tex/latex/amsmath/amsmath.sty
For additional information on amsmath, use the `?' option.
(/usr/share/texmf-dist/tex/latex/amsmath/amstext.sty
(/usr/share/texmf-dist/tex/latex/amsmath/amsgen.sty))
(/usr/share/texmf-dist/tex/latex/amsmath/amsbsy.sty)
(/usr/share/texmf-dist/tex/latex/amsmath/amsopn.sty))
(/usr/share/texmf-dist/tex/latex/amsfonts/amssymb.sty
(/usr/share/texmf-dist/tex/latex/amsfonts/amsfonts.sty))
(/usr/share/texmf-dist/tex/latex/booktabs/booktabs.sty)
(/usr/share/texmf-dist/tex/latex/tools/tabularx.sty
(/usr/share/texmf-dist/tex/latex/tools/array.sty))
(/usr/share/texmf-dist/tex/latex/tools/longtable.sty)
(/usr/share/texmf-dist/tex/latex/graphics/graphicx.sty
(/usr/share/texmf-dist/tex/latex/graphics/graphics.sty
(/usr/share/texmf-dist/tex/latex/graphics/trig.sty)
(/usr/share/texmf-dist/tex/latex/graphics-cfg/graphics.cfg)
(/usr/share/texmf-dist/tex/latex/graphics-def/pdftex.def)))
(/usr/share/texmf-dist/tex/latex/xcolor/xcolor.sty
(/usr/share/texmf-dist/tex/latex/graphics-cfg/color.cfg)
(/usr/share/texmf-dist/tex/latex/graphics/mathcolor.ltx))
(/usr/share/texmf-dist/tex/latex/graphics/dvipsnam.def)
(/usr/share/texmf-dist/tex/latex/titlesec/titlesec.sty)
(/usr/share/texmf-dist/tex/latex/natbib/natbib.sty)
(/usr/share/texmf-dist/tex/latex/hyperref/hyperref.sty
(/usr/share/texmf-dist/tex/latex/kvsetkeys/kvsetkeys.sty)
(/usr/share/texmf-dist/tex/generic/kvdefinekeys/kvdefinekeys.sty)
(/usr/share/texmf-dist/tex/generic/pdfescape/pdfescape.sty
(/usr/share/texmf-dist/tex/generic/ltxcmds/ltxcmds.sty)
(/usr/share/texmf-dist/tex/generic/pdftexcmds/pdftexcmds.sty
(/usr/share/texmf-dist/tex/generic/infwarerr/infwarerr.sty)))
(/usr/share/texmf-dist/tex/latex/hycolor/hycolor.sty)
(/usr/share/texmf-dist/tex/latex/hyperref/nameref.sty
(/usr/share/texmf-dist/tex/latex/refcount/refcount.sty)
(/usr/share/texmf-dist/tex/generic/gettitlestring/gettitlestring.sty
(/usr/share/texmf-dist/tex/latex/kvoptions/kvoptions.sty)))
(/usr/share/texmf-dist/tex/generic/stringenc/stringenc.sty)
(/usr/share/texmf-dist/tex/latex/hyperref/pd1enc.def)
(/usr/share/texmf-dist/tex/generic/intcalc/intcalc.sty)
(/usr/share/texmf-dist/tex/latex/hyperref/puenc.def)
(/usr/share/texmf-dist/tex/latex/url/url.sty)
(/usr/share/texmf-dist/tex/generic/bitset/bitset.sty
(/usr/share/texmf-dist/tex/generic/bigintcalc/bigintcalc.sty)))
(/usr/share/texmf-dist/tex/latex/hyperref/hpdftex.def
(/usr/share/texmf-dist/tex/latex/rerunfilecheck/rerunfilecheck.sty
(/usr/share/texmf-dist/tex/generic/uniquecounter/uniquecounter.sty)))
(/usr/share/texmf-dist/tex/latex/fancyhdr/fancyhdr.sty)
(/usr/share/texmf-dist/tex/latex/float/float.sty)
(/usr/share/texmf-dist/tex/latex/lm/t1lmr.fd)
(/usr/share/texmf-dist/tex/latex/l3backend/l3backend-pdftex.def)
(/home/purrpower/work/projects/papers/papers-official/cbdc-privacy/andrew-cbdc/
revision-2026-09-12/build/main.aux)
(/usr/share/texmf-dist/tex/latex/microtype/mt-cmr.cfg)
*geometry* driver: auto-detecting
*geometry* detected driver: pdftex
(/usr/share/texmf-dist/tex/context/base/mkii/supp-pdf.mkii
[Loading MPS to PDF converter (version 2006.09.02).]
) (/usr/share/texmf-dist/tex/latex/epstopdf-pkg/epstopdf-base.sty
(/usr/share/texmf-dist/tex/latex/latexconfig/epstopdf-sys.cfg))
(/home/purrpower/work/projects/papers/papers-official/cbdc-privacy/andrew-cbdc/
revision-2026-09-12/build/main.out)
(/home/purrpower/work/projects/papers/papers-official/cbdc-privacy/andrew-cbdc/
revision-2026-09-12/build/main.out)
(/usr/share/texmf-dist/tex/latex/lm/ot1lmr.fd)
(/usr/share/texmf-dist/tex/latex/lm/omllmm.fd)
(/usr/share/texmf-dist/tex/latex/lm/omslmsy.fd)
(/usr/share/texmf-dist/tex/latex/lm/omxlmex.fd)
(/usr/share/texmf-dist/tex/latex/amsfonts/umsa.fd)
(/usr/share/texmf-dist/tex/latex/microtype/mt-msa.cfg)
(/usr/share/texmf-dist/tex/latex/amsfonts/umsb.fd)
(/usr/share/texmf-dist/tex/latex/microtype/mt-msb.cfg)
(/usr/share/texmf-dist/tex/latex/lm/ts1lmr.fd) [1{/home/purrpower/.texlive/texm
f-var/fonts/map/pdftex/updmap/pdftex.map}{/usr/share/texmf-dist/fonts/enc/dvips
/lm/lm-ec.enc}{/usr/share/texmf-dist/fonts/enc/dvips/lm/lm-ts1.enc}] [2]
[3{/usr/share/texmf-dist/fonts/enc/dvips/lm/lm-rm.enc}{/usr/share/texmf-dist/fo
nts/enc/dvips/lm/lm-mathit.enc}] [4
pdfTeX warning (ext4): destination with the same identifier (name{table.1}) has
 been already used, duplicate ignored
<argument> ...shipout:D \box_use:N \l_shipout_box 
                                                  \__shipout_drop_firstpage_...
l.96 A
      n excluded 20-replicate pilot examined budgets and estimated between-r...
{/usr/share/texmf-dist/fonts/enc/dvips/lm/lm-mathsy.enc}{/usr/share/texmf-dist/
fonts/enc/dvips/lm/lm-mathex.enc}]
(/usr/share/texmf-dist/tex/latex/lm/t1lmtt.fd) [5] (./tables/independent.tex)
(./tables/levels.tex) [6] (./tables/ladder.tex) [7
pdfTeX warning (ext4): destination with the same identifier (name{table.2}) has
 been already used, duplicate ignored
<argument> ...shipout:D \box_use:N \l_shipout_box 
                                                  \__shipout_drop_firstpage_...
l.151 
      
pdfTeX warning (ext4): destination with the same identifier (name{table.3}) has
 been already used, duplicate ignored
<argument> ...shipout:D \box_use:N \l_shipout_box 
                                                  \__shipout_drop_firstpage_...
l.151 
      
pdfTeX warning (ext4): destination with the same identifier (name{figure.1}) ha
s been already used, duplicate ignored
<argument> ...shipout:D \box_use:N \l_shipout_box 
                                                  \__shipout_drop_firstpage_...
l.151 
       <./figures/independent.pdf>] (./tables/ladder-ops.tex)
(./tables/surface.tex) [8
pdfTeX warning (ext4): destination with the same identifier (name{table.4}) has
 been already used, duplicate ignored
<argument> ...shipout:D \box_use:N \l_shipout_box 
                                                  \__shipout_drop_firstpage_...
l.172 
      
pdfTeX warning (ext4): destination with the same identifier (name{table.5}) has
 been already used, duplicate ignored
<argument> ...shipout:D \box_use:N \l_shipout_box 
                                                  \__shipout_drop_firstpage_...
l.172 
      ] [9
pdfTeX warning (ext4): destination with the same identifier (name{figure.2}) ha
s been already used, duplicate ignored
<argument> ...shipout:D \box_use:N \l_shipout_box 
                                                  \__shipout_drop_firstpage_...
l.172 
      
pdfTeX warning (ext4): destination with the same identifier (name{table.6}) has
 been already used, duplicate ignored
<argument> ...shipout:D \box_use:N \l_shipout_box 
                                                  \__shipout_drop_firstpage_...
l.172 
       <./figures/ladder.pdf>] [10
pdfTeX warning (ext4): destination with the same identifier (name{figure.3}) ha
s been already used, duplicate ignored
<argument> ...shipout:D \box_use:N \l_shipout_box 
                                                  \__shipout_drop_firstpage_...
l.172 
       <./figures/surface.pdf>] (./tables/resolution.tex) [11
pdfTeX warning (ext4): destination with the same identifier (name{table.7}) has
 been already used, duplicate ignored
<argument> ...shipout:D \box_use:N \l_shipout_box 
                                                  \__shipout_drop_firstpage_...
l.190 
      ] [12] [13] (./tables/positive.tex) (./tables/negative.tex) [14]
(./tables/prevalence.tex) [15
pdfTeX warning (ext4): destination with the same identifier (name{table.8}) has
 been already used, duplicate ignored
<argument> ...shipout:D \box_use:N \l_shipout_box 
                                                  \__shipout_drop_firstpage_...
l.271 T
       he archived logs additionally report queue waits and final risk-tier ...

pdfTeX warning (ext4): destination with the same identifier (name{table.9}) has
 been already used, duplicate ignored
<argument> ...shipout:D \box_use:N \l_shipout_box 
                                                  \__shipout_drop_firstpage_...
l.271 T
       he archived logs additionally report queue waits and final risk-tier ...

pdfTeX warning (ext4): destination with the same identifier (name{table.10}) ha
s been already used, duplicate ignored
<argument> ...shipout:D \box_use:N \l_shipout_box 
                                                  \__shipout_drop_firstpage_...
l.271 T
       he archived logs additionally report queue waits and final risk-tier ...
]
(/home/purrpower/work/projects/papers/papers-official/cbdc-privacy/andrew-cbdc/
revision-2026-09-12/build/main.bbl [16
pdfTeX warning (ext4): destination with the same identifier (name{table.11}) ha
s been already used, duplicate ignored
<argument> ...shipout:D \box_use:N \l_shipout_box 
                                                  \__shipout_drop_firstpage_...
l.70 
     ]) [17]
(/home/purrpower/work/projects/papers/papers-official/cbdc-privacy/andrew-cbdc/
revision-2026-09-12/build/main.aux) )
(see the transcript file for additional information)</usr/share/texmf-dist/font
s/type1/public/lm/lmbx10.pfb></usr/share/texmf-dist/fonts/type1/public/lm/lmbx1
2.pfb></usr/share/texmf-dist/fonts/type1/public/lm/lmex10.pfb></usr/share/texmf
-dist/fonts/type1/public/lm/lmmi10.pfb></usr/share/texmf-dist/fonts/type1/publi
c/lm/lmmi6.pfb></usr/share/texmf-dist/fonts/type1/public/lm/lmmi7.pfb></usr/sha
re/texmf-dist/fonts/type1/public/lm/lmmi8.pfb></usr/share/texmf-dist/fonts/type
1/public/lm/lmr10.pfb></usr/share/texmf-dist/fonts/type1/public/lm/lmr12.pfb></
usr/share/texmf-dist/fonts/type1/public/lm/lmr6.pfb></usr/share/texmf-dist/font
s/type1/public/lm/lmr8.pfb></usr/share/texmf-dist/fonts/type1/public/lm/lmr9.pf
b></usr/share/texmf-dist/fonts/type1/public/lm/lmri10.pfb></usr/share/texmf-dis
t/fonts/type1/public/lm/lmsy10.pfb></usr/share/texmf-dist/fonts/type1/public/lm
/lmsy8.pfb></usr/share/texmf-dist/fonts/type1/public/lm/lmtt10.pfb>
Output written on /home/purrpower/work/projects/papers/papers-official/cbdc-pri
vacy/andrew-cbdc/revision-2026-09-12/build/main.pdf (17 pages, 370777 bytes).
Transcript written on /home/purrpower/work/projects/papers/papers-official/cbdc
-privacy/andrew-cbdc/revision-2026-09-12/build/main.log.
Latexmk: Getting log file '/home/purrpower/work/projects/papers/papers-official/cbdc-privacy/andrew-cbdc/revision-2026-09-12/build/main.log'
Latexmk: Examining '/home/purrpower/work/projects/papers/papers-official/cbdc-privacy/andrew-cbdc/revision-2026-09-12/build/main.fls'
Latexmk: Examining '/home/purrpower/work/projects/papers/papers-official/cbdc-privacy/andrew-cbdc/revision-2026-09-12/build/main.log'
Latexmk: Found input bbl file '/home/purrpower/work/projects/papers/papers-official/cbdc-privacy/andrew-cbdc/revision-2026-09-12/build/main.bbl'
Latexmk: Log file says output to '/home/purrpower/work/projects/papers/papers-official/cbdc-privacy/andrew-cbdc/revision-2026-09-12/build/main.pdf'
Latexmk: Using bibtex to make bibliography file(s).
  ===Source file '/home/purrpower/work/projects/papers/papers-official/cbdc-privacy/andrew-cbdc/revision-2026-09-12/build/main.bbl' for 'pdflatex'
Latexmk: Found bibliography file(s):
  ./references.bib
Latexmk: All targets (/home/purrpower/work/projects/papers/papers-official/cbdc-privacy/andrew-cbdc/revision-2026-09-12/build/main.pdf) are up-to-date

