Independent-population results {
  "logit": {
    "T2": {
      "mean": 111.4423076923077,
      "sd": 13.040530275424132,
      "n": 52,
      "ci_lo": 108.41272879481066,
      "ci_hi": 114.47188658980473,
      "median": 109.5,
      "q25": 102.0,
      "q75": 121.0
    },
    "T3": {
      "mean": 96.59615384615384,
      "sd": 11.974252795689717,
      "n": 52,
      "ci_lo": 93.81429277019107,
      "ci_hi": 99.3780149221166,
      "median": 97.0,
      "q25": 88.75,
      "q75": 103.0
    },
    "T4": {
      "mean": 80.09615384615384,
      "sd": 11.652248146938343,
      "n": 52,
      "ci_lo": 77.3891009618941,
      "ci_hi": 82.80320673041358,
      "median": 81.0,
      "q25": 70.0,
      "q75": 87.25
    },
    "dI": {
      "mean": 14.846153846153847,
      "sd": 5.2107905214295664,
      "n": 52,
      "ci_lo": 13.635581831858428,
      "ci_hi": 16.056725860449266,
      "median": 15.0,
      "q25": 12.0,
      "q75": 17.0
    },
    "dW": {
      "mean": 16.5,
      "sd": 4.650532333012229,
      "n": 52,
      "ci_lo": 15.419587292797932,
      "ci_hi": 17.58041270720207,
      "median": 17.0,
      "q25": 14.0,
      "q75": 19.0
    },
    "dF": {
      "mean": 31.346153846153847,
      "sd": 6.096879997290209,
      "n": 52,
      "ci_lo": 29.929725327509004,
      "ci_hi": 32.76258236479869,
      "median": 31.5,
      "q25": 27.0,
      "q75": 35.0
    }
  },
  "gboost": {
    "T2": {
      "mean": 43.28846153846154,
      "sd": 8.7050504575838,
      "n": 52,
      "ci_lo": 41.26610227768485,
      "ci_hi": 45.31082079923823,
      "median": 43.0,
      "q25": 36.75,
      "q75": 48.25
    },
    "T3": {
      "mean": 40.88461538461539,
      "sd": 8.919363922968213,
      "n": 52,
      "ci_lo": 38.812466771836526,
      "ci_hi": 42.95676399739425,
      "median": 40.0,
      "q25": 34.75,
      "q75": 46.0
    },
    "T4": {
      "mean": 35.38461538461539,
      "sd": 9.090296153750764,
      "n": 52,
      "ci_lo": 33.27275575791734,
      "ci_hi": 37.496475011313436,
      "median": 34.5,
      "q25": 28.75,
      "q75": 41.25
    },
    "dI": {
      "mean": 2.4038461538461537,
      "sd": 2.251444985978311,
      "n": 52,
      "ci_lo": 1.8807899533440957,
      "ci_hi": 2.9269023543482118,
      "median": 2.0,
      "q25": 1.0,
      "q75": 3.0
    },
    "dW": {
      "mean": 5.5,
      "sd": 3.3810312848330177,
      "n": 52,
      "ci_lo": 4.714518059007823,
      "ci_hi": 6.285481940992177,
      "median": 5.0,
      "q25": 3.0,
      "q75": 7.25
    },
    "dF": {
      "mean": 7.903846153846154,
      "sd": 3.3211125904751206,
      "n": 52,
      "ci_lo": 7.132284537270106,
      "ci_hi": 8.675407770422202,
      "median": 8.5,
      "q25": 6.0,
      "q75": 10.0
    }
  },
  "moderation": {
    "mean": 23.442307692307693,
    "sd": 6.929373288976348,
    "n": 52,
    "ci_lo": 21.832474146755835,
    "ci_hi": 25.05214123785955,
    "median": 24.0,
    "q25": 18.0,
    "q75": 28.25
  },
  "H1_verdict": "ESTIMATE_ONLY",
  "H2": {
    "mean": 23.442307692307693,
    "sd": 6.929373288976348,
    "R_ok": 52,
    "ci_lo": 21.832474146755835,
    "ci_hi": 25.05214123785955,
    "half_width": 1.609833545551858,
    "alpha": 0.1,
    "h1_verdict": "ESTIMATE_ONLY",
    "status": "DESCRIPTIVE_ONLY",
    "confirmatory": false,
    "note": "H1 did not establish non-inferiority, so H2 is descriptive. The manuscript may NOT claim confirmatory evidence that model capacity conditions the value of identity-linked auxiliary information."
  }
}
Capacity contrasts {
  "M1_linear minus M2_additive": {
    "mean": 0.04425260794226449,
    "sd": 0.008759153725078987,
    "n": 20,
    "ci_lo": 0.04086591749734148,
    "ci_hi": 0.047639298387187494,
    "median": 0.04293008013826527,
    "q25": 0.03811462905645838,
    "q75": 0.047283469023612135
  },
  "M2_additive minus M4_boosted": {
    "mean": -0.0032248646446360442,
    "sd": 0.004066250495574782,
    "n": 20,
    "ci_lo": -0.004797063527342873,
    "ci_hi": -0.0016526657619292155,
    "median": -0.004208854018660002,
    "q25": -0.0063166704492921555,
    "q75": 0.0004944290270043061
  },
  "M1_linear minus M4_boosted": {
    "mean": 0.04102774329762844,
    "sd": 0.008391222891514186,
    "n": 20,
    "ci_lo": 0.03778331178290993,
    "ci_hi": 0.04427217481234695,
    "median": 0.040964521449433244,
    "q25": 0.03552501723236606,
    "q75": 0.04574530903272683
  }
}
Replay {'replicates_exactly_equal': True, 'H2_confirmatory': False, 'R_ok': 52}
Negative controls {'n': 22, 'failed': 0, 'M1_linear': {'auc_min': 0.4553345959595959, 'auc_max': 0.5245730263157894, 'auc_mean': 0.4921774393488036}, 'M2_additive': {'auc_min': 0.4485921717171718, 'auc_max': 0.537613371648638, 'auc_mean': 0.5019999862353225}, 'M3_forest': {'auc_min': 0.4321338497568006, 'auc_max': 0.5202608191500346, 'auc_mean': 0.49268824016348683}, 'M4_boosted': {'auc_min': 0.4620012626262626, 'auc_max': 0.533919991104828, 'auc_mean': 0.49430500612651646}}
